// Jest Snapshot v1, https://goo.gl/fbAQLP

exports[`renders learn react link 1`] = `
<div>
  <div>
    <nav>
      <ul
        class="navbar"
      >
        <li
          class="navbar"
        >
          <a
            href="/"
          >
            Home
          </a>
        </li>
        <li
          class="navbar"
        >
          <a
            href="/characters"
          >
            Characters
          </a>
        </li>
      </ul>
    </nav>
    <div>
      <h1>
        This is the homepage
      </h1>
    </div>
  </div>
</div>
`;
